﻿
> frontend@0.0.0 build
> vite build

[36mvite v7.3.1 [32mbuilding client environment for production...[36m[39m
transforming...
[32mΓ£ô[39m 1763 modules transformed.
node.exe : [31mΓ£ù[39m 
Build failed in 4.33s
At line:1 char:1
+ & "C:\Program 
Files\nodejs/node.exe" 
"C:\Program 
Files\nodejs/node_mo ...
+ ~~~~~~~~~~~~~~~~~~~~~~~~~~~
~~~~~~~~~~~~~~~~~~~~~~~~~~~~~
~~~~~~~~~~~~~
    + CategoryInfo           
   : NotSpecified: ([31mΓ£  
  ù[39m Build failed in 4   
 .33s:String) [], RemoteE    
xception
    + FullyQualifiedErrorId  
   : NativeCommandError
 
[31merror during build:
[31msrc/pages/ServiceDetail.
jsx (10:39): "ShieldCircle" 
is not exported by "node_modu
les/lucide-react/dist/esm/luc
ide-react.js", imported by "s
rc/pages/ServiceDetail.jsx".
[31m
file: [36mD:/swasthya-setu/s
wasthya-setu/frontend/src/pag
es/ServiceDetail.jsx:10:39[3
1m
[33m
 8: import { api } from 
'../services/api';
 9: import { 
10:     Heart, Brain, Bone, 
Eye, Activity, ShieldCircle, 
                             
              ^
11:     ArrowLeft, Calendar, 
Award, MapPin, Star, 
Sparkles, 
12:     ChevronRight, Zap, 
Info
[31m
    at getRollupError (file:/
//D:/swasthya-setu/swasthya-s
etu/frontend/node_modules/rol
lup/dist/es/shared/parseAst.j
s:401:41)
    at error (file:///D:/swas
thya-setu/swasthya-setu/front
end/node_modules/rollup/dist/
es/shared/parseAst.js:397:42)
    at Module.error (file:///
D:/swasthya-setu/swasthya-set
u/frontend/node_modules/rollu
p/dist/es/shared/node-entry.j
s:17022:16)
    at Module.traceVariable (
file:///D:/swasthya-setu/swas
thya-setu/frontend/node_modul
es/rollup/dist/es/shared/node
-entry.js:17478:29)
    at 
ModuleScope.findVariable (fil
e:///D:/swasthya-setu/swasthy
a-setu/frontend/node_modules/
rollup/dist/es/shared/node-en
try.js:15141:39)
    at Identifier.bind (file:
///D:/swasthya-setu/swasthya-
setu/frontend/node_modules/ro
llup/dist/es/shared/node-entr
y.js:5462:40)
    at CallExpression.bind (f
ile:///D:/swasthya-setu/swast
hya-setu/frontend/node_module
s/rollup/dist/es/shared/node-
entry.js:2825:28)
    at CallExpression.bind (f
ile:///D:/swasthya-setu/swast
hya-setu/frontend/node_module
s/rollup/dist/es/shared/node-
entry.js:12172:15)
    at Property.bind (file://
/D:/swasthya-setu/swasthya-se
tu/frontend/node_modules/roll
up/dist/es/shared/node-entry.
js:2829:23)
    at ObjectExpression.bind 
(file:///D:/swasthya-setu/swa
sthya-setu/frontend/node_modu
les/rollup/dist/es/shared/nod
e-entry.js:2825:28)[39m
